<html>
<body>
<pre>
<h1>µVision Build Log</h1>
<h2>Tool Versions:</h2>
IDE-Version: £gVision V5.21.1.0
Copyright (C) 2016 ARM Ltd and ARM Germany GmbH. All rights reserved.
License Information:  ,  , LIC=X96CK-ZLZIP-CXLU6-DJRZ1-YDSAN-EIKAD
 
Tool Versions:
Toolchain:       MDK-ARM Plus  Version: 5.21a
Toolchain Path:  C:\Users\TUF\AppData\Local\Keil_v5\ARM\ARMCC\Bin
C Compiler:      Armcc.exe V5.06 update 3 (build 300)
Assembler:       Armasm.exe V5.06 update 3 (build 300)
Linker/Locator:  ArmLink.exe V5.06 update 3 (build 300)
Library Manager: ArmAr.exe V5.06 update 3 (build 300)
Hex Converter:   FromElf.exe V5.06 update 3 (build 300)
CPU DLL:         SARMCM3.DLL V5.21a
Dialog DLL:      DCM.DLL V1.13.8.0
Target DLL:      CMSIS_AGDI.dll V1.26.5.0
Dialog DLL:      TCM.DLL V1.14.14.0
 
<h2>Project:</h2>
D:\STMCAR\TB6612_Car -v1\TB6612_Car -v1\MDK-ARM\TB6612_Car.uvprojx
Project File Date:  06/23/2026

<h2>Output:</h2>
*** Using Compiler 'V5.06 update 3 (build 300)', folder: 'C:\Users\TUF\AppData\Local\Keil_v5\ARM\ARMCC\Bin'
Build target 'TB6612_Car'
compiling main.c...
../Core/Src/main.c(115): warning:  #223-D: function "abs" declared implicitly
      
_HAL_TIM_SET_COMPARE(&htim2, TIM_CHANNEL_4, abs(left_pwm));
../Core/Src/main.c(136): warning:  #1-D: last line of file ends without a newline
  void Error_Handler(void) { while(1); }
../Core/Src/main.c: 2 warnings, 0 errors
linking...
Program Size: Code=4184 RO-data=276 RW-data=36 ZI-data=1932  
FromELF: creating hex file...
"TB6612_Car\TB6612_Car.axf" - 0 Error(s), 2 Warning(s).

<h2>Software Packages used:</h2>

Package Vendor: ARM
                http://www.keil.com/pack/ARM.CMSIS.4.5.0.pack
                ARM::CMSIS:CORE:4.3.0
                CMSIS (Cortex Microcontroller Software Interface Standard)
   * Component: CORE Version: 4.3.0

<h2>Collection of Component include folders:</h2>
  D:\STMCAR\TB6612_Car -v1\TB6612_Car -v1\MDK-ARM\RTE
  C:\Users\TUF\AppData\Local\Arm\Packs\ARM\CMSIS\4.5.0\CMSIS\Include
  C:\Users\TUF\AppData\Local\Arm\Packs\Keil\STM32F1xx_DFP\2.4.1\Device\Include

<h2>Collection of Component Files used:</h2>

   * Component: ARM::CMSIS:CORE:4.3.0
Build Time Elapsed:  00:00:02
</pre>
</body>
</html>
